[index-2.html]
[backblue.gif]
[fade.gif]
[index.html]
[wp-includes/css/dist/block-library/style.minb7d5.css]
[wp-includes/css/classic-themes.min68b3.css]
[feed/index.html]
[comments/feed/index.html]
[wp-content/themes/trend/bw/assets/css/shortcodef43b.css]
[home/feed/index.html]
[wp-content/themes/trend/stylef43b.css]
[wp-content/themes/trend/assets/css/vendors/jquery.owl.carousel/owl.carousel.allf43b.css]
[wp-content/themes/trend/assets/css/stylef43b.css]
[wp-content/themes/trend/assets/css/mediaf43b.css]
[wp-content/themes/trend/assets/css/jquery.mcustomscrollbarf43b.css]
[wp-content/themes/trend/assets/css/dashiconsf43b.css]
[wp-content/plugins/master-slider/public/assets/css/masterslider.mainf416.css]
[wp-content/uploads/master-slider/custom5055.css]
[wp-includes/js/jquery/jquery.mina7a0.js]
[wp-includes/js/jquery/jquery-migrate.mind617.js]
[wp-json/wp/v2/pages/559.json]
[wp-json/index.html]
[xmlrpc0db0.php]
[wp-includes/wlwmanifest.xml]
[wp-json/oembed/1.0/embed4bf0.json]
[wp-json/oembed/1.0/embed4938]
[wp-content/uploads/2015/04/cropped-Camera_Logo-32x32.png]
[wp-content/uploads/2015/04/cropped-Camera_Logo-192x192.png]
[wp-content/uploads/2015/04/cropped-Camera_Logo-180x180.png]
[wp-content/plugins/wp-spamshield/js/jscripts.php]
[wp-content/uploads/2017/01/Sin-título-1.png]
[wp-content/uploads/2022/05/Ukranimals_20-110x65.jpg]
[about/index.html]
[contacto/index.html]
[galleries-archive/index.html]
[tearsheet/index.html]
[wp-content/uploads/2022/05/Ukranimals_01-110x65.jpg]
[wp-content/uploads/2022/05/Ukranimals_02-110x65.jpg]
[gallery/refugee-animals/indexe427.html]
[gallery/refugee-animals/index4b28.html]
[gallery/refugee-animals/index.html]
[gallery/refugee-animals/index7a03.html]
[wp-content/uploads/2022/05/Ukranimals_03-110x65.jpg]
[wp-content/uploads/2022/05/Ukranimals_05-110x65.jpg]
[gallery/refugee-animals/index1539.html]
[wp-content/uploads/2022/05/Ukranimals_06-110x65.jpg]
[gallery/refugee-animals/index12f0.html]
[wp-content/uploads/2022/05/Ukranimals_07-110x65.jpg]
[gallery/refugee-animals/indexbde1.html]
[wp-content/uploads/2022/05/Ukranimals_12-110x65.jpg]
[gallery/refugee-animals/index4a2a.html]
[wp-content/uploads/2022/05/Ukranimals_04-110x65.jpg]
[gallery/refugee-animals/index9628.html]
[wp-content/uploads/2022/05/Ukranimals_08-110x65.jpg]
[gallery/refugee-animals/index798d.html]
[gallery/refugee-animals/index1841.html]
[wp-content/uploads/2022/05/Ukranimals_09-110x65.jpg]
[wp-content/uploads/2022/05/Ukranimals_11-110x65.jpg]
[gallery/refugee-animals/indexc5d2.html]
[gallery/refugee-animals/indexef4c.html]
[wp-content/uploads/2022/05/Ukranimals_10-110x65.jpg]
[wp-content/uploads/2022/05/Ukranimals_14-110x65.jpg]
[gallery/refugee-animals/index698c.html]
[wp-content/uploads/2022/05/Ukranimals_15-110x65.jpg]
[gallery/refugee-animals/index994d.html]
[gallery/refugee-animals/index3b0c.html]
[wp-content/uploads/2017/07/JFERGO_SOUTHFRONTIER_001-110x65.jpg]
[gallery/south-frontier/index2b65.html]
[gallery/south-frontier/index.html]
[wp-content/uploads/2017/07/JFERGO_SOUTHFRONTIER_002-110x65.jpg]
[wp-content/uploads/2017/07/JFERGO_SOUTHFRONTIER_003-110x65.jpg]
[gallery/south-frontier/indexbb85.html]
[wp-content/uploads/2017/07/JFERGO_SOUTHFRONTIER_004-110x65.jpg]
[gallery/south-frontier/index9e24.html]
[wp-content/uploads/2017/07/JFERGO_SOUTHFRONTIER_005-110x65.jpg]
[gallery/south-frontier/index6134.html]
[wp-content/uploads/2017/07/JFERGO_SOUTHFRONTIER_006-110x65.jpg]
[gallery/south-frontier/index2add.html]
[wp-content/uploads/2017/07/JFERGO_SOUTHFRONTIER_007-110x65.jpg]
[gallery/south-frontier/index129e.html]
[gallery/south-frontier/indexb2cd.html]
[wp-content/uploads/2017/07/JFERGO_SOUTHFRONTIER_008-110x65.jpg]
[wp-content/uploads/2017/07/JFERGO_SOUTHFRONTIER_009-110x65.jpg]
[gallery/south-frontier/indexefea.html]
[wp-content/uploads/2017/07/JFERGO_SOUTHFRONTIER_010-110x65.jpg]
[gallery/south-frontier/indexeaf6.html]
[wp-content/uploads/2017/07/JFERGO_SOUTHFRONTIER_011-110x65.jpg]
[gallery/south-frontier/indexcccf.html]
[wp-content/uploads/2017/07/JFERGO_SOUTHFRONTIER_012-110x65.jpg]
[gallery/south-frontier/index1ec4.html]
[wp-content/uploads/2017/07/JFERGO_SOUTHFRONTIER_013-110x65.jpg]
[gallery/south-frontier/index20b3.html]
[wp-content/uploads/2017/07/JFERGO_SOUTHFRONTIER_014-110x65.jpg]
[gallery/south-frontier/index0b24.html]
[wp-content/uploads/2017/07/JFERGO_SOUTHFRONTIER_015-110x65.jpg]
[gallery/south-frontier/indexb519.html]
[wp-content/uploads/2018/10/2muGERes-1-110x65.jpg]
[gallery/south-frontier/indexf593.html]
[wp-content/uploads/2018/10/2muGERes-13-110x65.jpg]
[gallery/mugeres/index.html]
[gallery/mugeres/index3a31.html]
[wp-content/uploads/2018/10/2muGERes-3-110x65.jpg]
[gallery/mugeres/index6c06.html]
[wp-content/uploads/2018/10/2muGERes-2-110x65.jpg]
[gallery/mugeres/indexade6.html]
[wp-content/uploads/2018/10/2muGERes-9-110x65.jpg]
[gallery/mugeres/index21d2.html]
[wp-content/uploads/2018/10/2muGERes-4-110x65.jpg]
[gallery/mugeres/index06b1.html]
[wp-content/uploads/2018/10/2muGERes-5-110x65.jpg]
[gallery/mugeres/index6e2d.html]
[wp-content/uploads/2018/10/2muGERes-8-110x65.jpg]
[gallery/mugeres/indexbebb.html]
[wp-content/uploads/2018/10/2muGERes-6-110x65.jpg]
[gallery/mugeres/indexc779.html]
[wp-content/uploads/2018/10/2muGERes-7-110x65.jpg]
[gallery/mugeres/index8f36.html]
[wp-content/uploads/2018/10/2muGERes-11-110x65.jpg]
[gallery/mugeres/index9e9e.html]
[wp-content/uploads/2018/10/2muGERes-10-110x65.jpg]
[gallery/mugeres/indexf0a0.html]
[wp-content/uploads/2018/10/2muGERes-14-110x65.jpg]
[gallery/mugeres/index46d0.html]
[gallery/mugeres/index7ed1.html]
[wp-content/uploads/2020/05/JFergo_Covid_17-3-110x65.jpg]
[wp-content/uploads/2020/05/FERGO_25-3_H-110x65.jpg]
[gallery/covid-diary/index.html]
[gallery/covid-diary/index2dd5.html]
[gallery/covid-diary/indexc148.html]
[wp-content/uploads/2020/05/6O7A3461-110x65.jpg]
[wp-content/uploads/2020/05/6O7A3427-110x65.jpg]
[gallery/covid-diary/indexacf9.html]
[gallery/covid-diary/index7403.html]
[wp-content/uploads/2020/05/FERGO_22-3_L-110x65.jpg]
[wp-content/uploads/2020/05/FERGO_25-3_L-110x65.jpg]
[gallery/covid-diary/indexc766.html]
[wp-content/uploads/2020/05/FERGO_10-4_H-110x65.jpg]
[gallery/covid-diary/index1a61.html]
[wp-content/uploads/2020/05/FERGO_7-4_H-110x65.jpg]
[gallery/covid-diary/indexeb68.html]
[wp-content/uploads/2020/05/FERGO_15-4_H-110x65.jpg]
[gallery/covid-diary/index7ea7.html]
[wp-content/uploads/2020/05/javier_fergo_covid_photo_diaries_16_5_20_H-110x65.jpg]
[gallery/covid-diary/index3a62.html]
[wp-content/uploads/2020/05/FERGO_5-4_H-110x65.jpg]
[gallery/covid-diary/indexdbad.html]
[wp-content/uploads/2020/05/FERGO_27-3_L-110x65.jpg]
[gallery/covid-diary/indexc906.html]
[wp-content/uploads/2020/05/FERGO_06-5_H-110x65.jpg]
[gallery/covid-diary/indexe6a6.html]
[wp-content/uploads/2020/05/FERGO_30-3_H-110x65.jpg]
[gallery/covid-diary/indexd0c5.html]
[wp-content/uploads/2020/05/FERGO_01-5_H-110x65.jpg]
[gallery/covid-diary/indexb64c.html]
[wp-content/uploads/2014/07/GIB-Brexit_01-110x65.jpg]
[gallery/covid-diary/index291e.html]
[gallery/gibraltar/indexfeb8.html]
[gallery/gibraltar/index.html]
[wp-content/uploads/2014/07/GIB-Brexit_02-110x65.jpg]
[wp-content/uploads/2014/07/GIB-Brexit_03-110x65.jpg]
[gallery/gibraltar/indexa694.html]
[wp-content/uploads/2014/07/GIB-Brexit_04-110x65.jpg]
[wp-content/uploads/2014/07/GIB-Brexit_05-110x65.jpg]
[gallery/gibraltar/index4052.html]
[gallery/gibraltar/index3070.html]
[wp-content/uploads/2014/07/GIB-Brexit_06-110x65.jpg]
[gallery/gibraltar/index7685.html]
[wp-content/uploads/2014/07/GIB-Brexit_07-110x65.jpg]
[gallery/gibraltar/index88a5.html]
[wp-content/uploads/2014/07/GIB-Brexit_08-110x65.jpg]
[gallery/gibraltar/index33ba.html]
[wp-content/uploads/2014/07/GIB-Brexit_09-110x65.jpg]
[gallery/gibraltar/index6e27.html]
[wp-content/uploads/2014/07/GIB-Brexit_10-110x65.jpg]
[gallery/gibraltar/index337d.html]
[wp-content/uploads/2014/07/GIB-Brexit_11-110x65.jpg]
[gallery/gibraltar/indexda4c.html]
[gallery/gibraltar/index97ec.html]
[wp-content/uploads/2014/07/GIB-Brexit_12-110x65.jpg]
[wp-content/uploads/2014/07/GIB-Brexit_13-110x65.jpg]
[gallery/gibraltar/indexf83c.html]
[wp-content/uploads/2014/07/GIB-Brexit_14-110x65.jpg]
[gallery/gibraltar/index5df5.html]
[wp-content/uploads/2014/07/GIB-Brexit_15-110x65.jpg]
[gallery/gibraltar/index4c88.html]
[wp-content/uploads/2022/05/Ukranimals_20-1619x1080.jpg]
[gallery/gibraltar/index52c4.html]
[wp-content/uploads/2017/07/JFERGO_SOUTHFRONTIER_001-1620x1080.jpg]
[wp-content/uploads/2018/10/2muGERes-1-1620x1080.jpg]
[wp-content/uploads/2020/05/JFergo_Covid_17-3-1620x1080.jpg]
[wp-content/uploads/2014/07/GIB-Brexit_01-1620x1080.jpg]
[wp-includes/js/comment-reply.minb7d5.js]
[wp-content/themes/trend/assets/js/vendors/tween-max/tweenmax.minf43b.js]
[wp-content/themes/trend/bw/assets/js/shortcodef43b.js]
[wp-content/themes/trend/bw/lib/acf/js/custom-adminf43b.js]
[wp-content/themes/trend/assets/js/vendors/jquery.imagesloaded/imagesloaded.minf43b.js]
[wp-content/themes/trend/assets/js/vendors/jquery.owl.slider/owl.carousel.minf43b.js]
[wp-content/themes/trend/assets/js/vendors/jquery.magnific-popup/jquery.magnific-popup.minf43b.js]
[wp-content/themes/trend/assets/js/vendors/jquery.easing/jquery.easing.1.3f43b.js]
[wp-content/themes/trend/assets/js/vendors/jquery-smartresize-master/jquery.debouncedresizef43b.js]
[wp-content/themes/trend/assets/js/vendors/jquery.isotope/jquery.isotope.minf43b.js]
[wp-content/themes/trend/assets/js/vendors/jquery.djax/jquery.djaxf43b.js]
[wp-content/themes/trend/assets/js/vendors/jquery.resize-to-parent/jquery.resizeimagetoparentf43b.js]
[wp-content/themes/trend/assets/js/vendors/jquery.mousewheel/jquery.mousewheelf43b.js]
[wp-content/themes/trend/assets/js/vendors/jquery.custom-scrollbar-plugin/jquery.mcustomscrollbarf43b.js]
[wp-content/themes/trend/assets/js/mainf43b.js]
[wp-content/plugins/master-slider/public/assets/js/jquery.easing.minf416.js]
[wp-content/plugins/master-slider/public/assets/js/masterslider.minf416.js]
[wp-content/plugins/wp-spamshield/js/jscripts-ftr-min.js]
[index-2.html]
[xmlrpc.php]
[wp-includes/css/dist/block-library/style.minb7d5.css]
[wp-includes/css/classic-themes.min68b3.css]
[wp-content/themes/trend/bw/assets/css/shortcodef43b.css]
[wp-content/themes/trend/stylef43b.css]
[wp-content/themes/trend/assets/css/vendors/jquery.owl.carousel/owl.carousel.allf43b.css]
[wp-content/themes/trend/assets/css/fonts/font-awesome/fontawesome-webfont862f.eot]
[wp-content/themes/trend/assets/css/fonts/font-awesome/fontawesome-webfontd41d.eot]
[wp-content/themes/trend/assets/css/fonts/font-awesome/fontawesome-webfont862f.woff]
[wp-content/themes/trend/assets/css/fonts/font-awesome/fontawesome-webfont862f.ttf]
[wp-content/themes/trend/assets/css/fonts/mono-social-icons/MonoSocialIconsFont-1.10.eot]
[wp-content/themes/trend/assets/css/fonts/mono-social-icons/MonoSocialIconsFont-1.10d41d.eot]
[wp-content/themes/trend/assets/css/fonts/mono-social-icons/MonoSocialIconsFont-1.10.woff]
[wp-content/themes/trend/assets/css/fonts/mono-social-icons/MonoSocialIconsFont-1.10.ttf]
[wp-content/themes/trend/assets/css/fonts/sabado/sabado_regular-webfont.eot]
[wp-content/themes/trend/assets/css/fonts/sabado/sabado_regular-webfontd41d.eot]
[wp-content/themes/trend/assets/css/fonts/sabado/sabado_regular-webfont.woff]
[wp-content/themes/trend/assets/css/fonts/sabado/sabado_regular-webfont.ttf]
[wp-content/themes/trend/assets/img/patterns/dot.png]
[wp-content/themes/trend/assets/img/patterns/diagonal.png]
[wp-content/themes/trend/assets/img/patterns/vertical.png]
[wp-content/themes/trend/assets/img/sprite.png]
[wp-content/themes/trend/assets/img/arrow.png]
[wp-content/themes/trend/assets/img/comment.png]
[wp-content/themes/trend/assets/css/stylef43b.css]
[wp-content/themes/trend/assets/css/mediaf43b.css]
[wp-content/themes/trend/assets/css/jquery.mcustomscrollbarf43b.css]
[wp-content/themes/trend/assets/css/fonts/dashicons-master/dashicons.eot]
[wp-content/themes/trend/assets/css/fonts/dashicons-master/dashicons.ttf]
[wp-content/themes/trend/assets/css/dashiconsf43b.css]
[wp-content/plugins/master-slider/public/assets/css/common/loading-2.gif]
[wp-content/plugins/master-slider/public/assets/css/common/grab.png]
[wp-content/plugins/master-slider/public/assets/css/common/grabbing.png]
[wp-content/plugins/master-slider/public/assets/css/common/video-close-btn.png]
[wp-content/plugins/master-slider/public/assets/css/skins/light-skin-1.png]
[wp-content/plugins/master-slider/public/assets/css/skins/light-skin-1-retina.png]
[wp-content/plugins/master-slider/public/assets/css/skins/black-skin-1.png]
[wp-content/plugins/master-slider/public/assets/css/skins/black-skin-1-retina.png]
[wp-content/plugins/master-slider/public/assets/css/skins/black-skin-2.png]
[wp-content/plugins/master-slider/public/assets/css/skins/black-skin-2-retina.png]
[wp-content/plugins/master-slider/public/assets/css/skins/light-skin-2.png]
[wp-content/plugins/master-slider/public/assets/css/skins/light-skin-2-retina.png]
[wp-content/plugins/master-slider/public/assets/css/skins/light-skin-3.png]
[wp-content/plugins/master-slider/public/assets/css/skins/light-skin-3-retina.png]
[wp-content/plugins/master-slider/public/assets/css/skins/light-skin-4.png]
[wp-content/plugins/master-slider/public/assets/css/skins/light-skin-4-retina.png]
[wp-content/plugins/master-slider/public/assets/css/skins/light-skin-5.png]
[wp-content/plugins/master-slider/public/assets/css/skins/light-skin-5-retina.png]
[wp-content/plugins/master-slider/public/assets/css/skins/light-skin-6.png]
[wp-content/plugins/master-slider/public/assets/css/skins/light-skin-6-retina.png]
[wp-content/plugins/master-slider/public/assets/css/skins/metro-skin.png]
[wp-content/plugins/master-slider/public/assets/css/skins/metro-skin-retina.png]
[wp-content/plugins/master-slider/public/assets/css/skins/contrast-skin.png]
[wp-content/plugins/master-slider/public/assets/css/skins/contrast-skin-retina.png]
[wp-content/plugins/master-slider/public/assets/css/masterslider.mainf416.css]
[wp-content/uploads/master-slider/custom5055.css]
[wp-content/plugins/master-slider/public/assets/css/common/grabbing.html]
[wp-content/plugins/master-slider/public/assets/css/common/grab.html]
[wp-content/uploads/2020/05/PortraitFergo-e1588849148612.jpg]
[wp-json/wp/v2/pages/891.json]
[wp-json/oembed/1.0/embeda579.json]
[wp-json/oembed/1.0/embed1c6a]
[wp-content/uploads/2020/05/PortraitFergo-1024x1024.jpg]
[about/index.html]
[wp-json/wp/v2/pages/45.json]
[wp-json/oembed/1.0/embed2c6e.json]
[wp-json/oembed/1.0/embedc81b]
[contacto/index.html]
[wp-content/uploads/2022/05/Screenshot_2021-11-03-Spain-Sends-Troops-to-African-Enclave-After-Migrant-Crossings-Jump.jpg]
[wp-json/wp/v2/pages/1103.json]
[wp-json/oembed/1.0/embedf554.json]
[wp-json/oembed/1.0/embedb8e7]
[wp-content/uploads/2022/06/lemonde-1024x578.jpg]
[wp-content/uploads/2022/05/The-volunteers-saving-animals-in-Ukraine-–-photo-essay-Ukraine-The-Guardian.jpg]
[wp-content/uploads/2022/05/Screenshot_2021-11-03-Want-a-Peek-at-Post-Covid-Life-Check-Out-Gibraltar--1024x564.jpg]
[wp-content/uploads/2022/05/Sin-título-2-1024x489.jpg]
[wp-content/uploads/2022/05/Screenshot_2021-11-03-Spain-Sends-Troops-to-African-Enclave-After-Migrant-Crossings-Jump-1024x627.jpg]
[wp-content/uploads/2022/05/liberation_20201207_07-12-2020-desbloqueado-8-1024x620.jpg]
[wp-content/uploads/2022/05/20190921-DS-064-DN-028-BUI_20190920183930-1024x477.jpg]
[wp-content/uploads/2022/05/Screenshot-1024x640.jpg]
[wp-content/uploads/2022/05/WED033_P114P120_ALMERIA-1-1024x180.jpg]
[wp-content/uploads/2022/05/Reportage-toerisme-GC-en-T-3-1024x510.jpg]
[wp-content/uploads/2022/05/Screenshot_2021-11-03-Desahuciados-por-el-fuego-los-temporeros-de-Lepe-exigen-dignidad-855x1024.jpg]
[wp-content/uploads/2022/05/Reportage-toerisme-GC-en-T-3-1-1024x510.jpg]
[tearsheet/index.html]
[wp-content/uploads/2022/05/Ukranimals_20-424x500.jpg]
[galleries-archive/feed/index.html]
[wp-content/uploads/2022/05/Ukranimals_01-424x500.jpg]
[wp-content/uploads/2022/05/Ukranimals_02-424x500.jpg]
[wp-content/uploads/2022/05/Ukranimals_03-424x500.jpg]
[wp-content/uploads/2022/05/Ukranimals_05-424x500.jpg]
[wp-content/uploads/2022/05/Ukranimals_06-424x500.jpg]
[wp-content/uploads/2022/05/Ukranimals_07-424x500.jpg]
[wp-content/uploads/2022/05/Ukranimals_12-424x500.jpg]
[wp-content/uploads/2022/05/Ukranimals_04-424x500.jpg]
[wp-content/uploads/2022/05/Ukranimals_08-424x500.jpg]
[wp-content/uploads/2022/05/Ukranimals_09-424x500.jpg]
[wp-content/uploads/2022/05/Ukranimals_11-424x500.jpg]
[wp-content/uploads/2022/05/Ukranimals_10-424x500.jpg]
[wp-content/uploads/2022/05/Ukranimals_14-424x500.jpg]
[wp-content/uploads/2022/05/Ukranimals_15-424x500.jpg]
[wp-content/uploads/2022/05/Ukranimals_13-424x500.jpg]
[gallery/refugee-animals/index548b.html]
[wp-content/uploads/2022/05/Ukranimals_22-424x500.jpg]
[wp-content/uploads/2022/05/Ukranimals_21-424x500.jpg]
[gallery/refugee-animals/index71a3.html]
[wp-content/uploads/2022/05/Ukranimals_19-424x500.jpg]
[gallery/refugee-animals/indexc868.html]
[wp-content/uploads/2022/05/Ukranimals_18-424x500.jpg]
[gallery/refugee-animals/index5b5c.html]
[gallery/refugee-animals/indexd530.html]
[wp-content/uploads/2022/05/Ukranimals_17-424x500.jpg]
[gallery/refugee-animals/indexf1f3.html]
[wp-content/uploads/2022/05/Ukranimals_25-424x500.jpg]
[wp-content/uploads/2022/05/Ukranimals_24-424x500.jpg]
[gallery/refugee-animals/index2ec6.html]
[wp-content/uploads/2022/05/Ukranimals_23-424x500.jpg]
[gallery/refugee-animals/index5469.html]
[galleries-archive/index.html]
[gallery/refugee-animals/indexa4de.html]
[wp-json/oembed/1.0/embed02e1.json]
[gallery/refugee-animals/index.html]
[gallery/refugee-animals/index4b28.html]
[gallery/refugee-animals/index7a03.html]
[gallery/refugee-animals/indexe427.html]
[gallery/refugee-animals/index1539.html]
[gallery/refugee-animals/index12f0.html]
[gallery/refugee-animals/indexbde1.html]
[gallery/refugee-animals/index4a2a.html]
[gallery/refugee-animals/index9628.html]
[gallery/refugee-animals/index798d.html]
[gallery/refugee-animals/index1841.html]
[gallery/refugee-animals/indexc5d2.html]
[gallery/refugee-animals/indexef4c.html]
[gallery/refugee-animals/index698c.html]
[gallery/refugee-animals/index994d.html]
[gallery/refugee-animals/index3b0c.html]
[wp-content/uploads/2017/07/JFERGO_SOUTHFRONTIER_004-424x500.jpg]
[wp-content/uploads/2017/07/JFERGO_SOUTHFRONTIER_005-424x500.jpg]
[wp-content/uploads/2017/07/JFERGO_SOUTHFRONTIER_006-424x500.jpg]
[wp-content/uploads/2017/07/JFERGO_SOUTHFRONTIER_007-424x500.jpg]
[wp-content/uploads/2017/07/JFERGO_SOUTHFRONTIER_008-424x500.jpg]
[wp-content/uploads/2017/07/JFERGO_SOUTHFRONTIER_009-424x500.jpg]
[wp-content/uploads/2017/07/JFERGO_SOUTHFRONTIER_010-424x500.jpg]
[wp-content/uploads/2017/07/JFERGO_SOUTHFRONTIER_011-424x500.jpg]
[wp-content/uploads/2017/07/JFERGO_SOUTHFRONTIER_012-424x500.jpg]
[wp-content/uploads/2017/07/JFERGO_SOUTHFRONTIER_013-424x500.jpg]
[wp-content/uploads/2017/07/JFERGO_SOUTHFRONTIER_014-424x500.jpg]
[wp-content/uploads/2017/07/JFERGO_SOUTHFRONTIER_015-424x500.jpg]
[wp-content/uploads/2017/07/JFERGO_SOUTHFRONTIER_016-424x500.jpg]
[gallery/south-frontier/index41d2.html]
[wp-content/uploads/2017/07/JFERGO_SOUTHFRONTIER_017-424x500.jpg]
[wp-content/uploads/2017/07/JFERGO_SOUTHFRONTIER_018-424x500.jpg]
[gallery/south-frontier/index17c1.html]
[wp-content/uploads/2017/07/JFERGO_SOUTHFRONTIER_019-424x500.jpg]
[gallery/south-frontier/index2fc7.html]
[wp-content/uploads/2017/07/JFERGO_SOUTHFRONTIER_020-424x500.jpg]
[gallery/south-frontier/index16f1.html]
[wp-content/uploads/2017/07/JFERGO_SOUTHFRONTIER_021-424x500.jpg]
[gallery/south-frontier/index34b9.html]
[wp-content/uploads/2017/07/JFERGO_SOUTHFRONTIER_022-424x500.jpg]
[gallery/south-frontier/index1163.html]
[wp-content/uploads/2017/07/JFERGO_SOUTHFRONTIER_023-424x500.jpg]
[gallery/south-frontier/index1d2c.html]
[gallery/south-frontier/index1de5.html]
[wp-content/uploads/2017/07/JFERGO_SOUTHFRONTIER_024-424x500.jpg]
[wp-content/uploads/2017/07/JFERGO_SOUTHFRONTIER_025-424x500.jpg]
[gallery/south-frontier/indexf38f.html]
[wp-content/uploads/2017/07/JFERGO_SOUTHFRONTIER_026-424x500.jpg]
[gallery/south-frontier/indexb7ad.html]
[wp-content/uploads/2017/07/JFERGO_SOUTHFRONTIER_027-424x500.jpg]
[gallery/south-frontier/index654b.html]
[gallery/south-frontier/index77d4.html]
[wp-content/uploads/2017/07/JFERGO_SOUTHFRONTIER_028-424x500.jpg]
[gallery/south-frontier/index6d4f.html]
[wp-content/uploads/2017/07/JFERGO_SOUTHFRONTIER_029-424x500.jpg]
[wp-content/uploads/2017/07/JFERGO_SOUTHFRONTIER_030-424x500.jpg]
[gallery/south-frontier/index3a07.html]
[wp-content/uploads/2017/07/JFERGO_SOUTHFRONTIER_031-424x500.jpg]
[gallery/south-frontier/indexce59.html]
[gallery/south-frontier/index4b43.html]
[wp-content/uploads/2017/07/JFERGO_SOUTHFRONTIER_032-424x500.jpg]
[wp-content/uploads/2017/07/JFERGO_SOUTHFRONTIER_033-424x500.jpg]
[gallery/south-frontier/indexb045.html]
[wp-content/uploads/2017/07/JFERGO_SOUTHFRONTIER_034-424x500.jpg]
[gallery/south-frontier/index8eb7.html]
[gallery/south-frontier/indexea18.html]
[wp-content/uploads/2017/07/JFERGO_SOUTHFRONTIER_035-424x500.jpg]
[gallery/south-frontier/indexfa22.html]
[wp-content/uploads/2017/07/JFERGO_SOUTHFRONTIER_036-424x500.jpg]
[gallery/south-frontier/indexb8f3.html]
[wp-content/uploads/2017/07/JFERGO_SOUTHFRONTIER_037-424x500.jpg]
[wp-content/uploads/2017/07/JFERGO_SOUTHFRONTIER_038-424x500.jpg]
[gallery/south-frontier/indexfc84.html]
[gallery/south-frontier/index35b4.html]
[wp-content/uploads/2017/07/JFERGO_SOUTHFRONTIER_039-424x500.jpg]
[wp-content/uploads/2017/07/JFERGO_SOUTHFRONTIER_040-424x500.jpg]
[gallery/south-frontier/index57b4.html]
[wp-content/uploads/2017/07/JFERGO_SOUTHFRONTIER_041-424x500.jpg]
[gallery/south-frontier/index04c4.html]
[wp-content/uploads/2017/07/JFERGO_SOUTHFRONTIER_042-424x500.jpg]
[gallery/south-frontier/index0236.html]
[wp-content/uploads/2017/07/JFERGO_SOUTHFRONTIER_043-424x500.jpg]
[gallery/south-frontier/index8574.html]
[gallery/south-frontier/indexdbe0.html]
[wp-content/uploads/2017/07/JFERGO_SOUTHFRONTIER_044-424x500.jpg]
[wp-content/uploads/2017/07/JFERGO_SOUTHFRONTIER_045-424x500.jpg]
[gallery/south-frontier/index0d73.html]
[wp-content/uploads/2017/07/JFERGO_SOUTHFRONTIER_046-424x500.jpg]
[gallery/south-frontier/index1bee.html]
[gallery/south-frontier/index0177.html]
[wp-content/uploads/2017/07/JFERGO_SOUTHFRONTIER_047-424x500.jpg]
[wp-content/uploads/2017/07/JFERGO_SOUTHFRONTIER_048-424x500.jpg]
[gallery/south-frontier/index628b.html]
[wp-content/uploads/2017/07/JFERGO_SOUTHFRONTIER_049-424x500.jpg]
[gallery/south-frontier/indexde70.html]
[wp-content/uploads/2017/07/JFERGO_SOUTHFRONTIER_050-424x500.jpg]
[gallery/south-frontier/index8a1c.html]
[wp-content/uploads/2017/07/JFERGO_SOUTHFRONTIER_051-424x500.jpg]
[gallery/south-frontier/index9287.html]
[gallery/south-frontier/index2e73.html]
[wp-content/uploads/2017/07/JFERGO_SOUTHFRONTIER_052-424x500.jpg]
[wp-content/uploads/2017/07/JFERGO_SOUTHFRONTIER_053-424x500.jpg]
[gallery/south-frontier/index7563.html]
[wp-content/uploads/2017/07/JFERGO_SOUTHFRONTIER_054-424x500.jpg]
[gallery/south-frontier/index55e3.html]
[wp-content/uploads/2017/07/JFERGO_SOUTHFRONTIER_055-424x500.jpg]
[gallery/south-frontier/indexee25.html]
[wp-content/uploads/2017/07/JFERGO_SOUTHFRONTIER_056-424x500.jpg]
[gallery/south-frontier/index9e76.html]
[wp-content/uploads/2017/07/JFERGO_SOUTHFRONTIER_057-424x500.jpg]
[gallery/south-frontier/indexaf15.html]
[gallery/south-frontier/index8ce2.html]
[wp-content/uploads/2017/07/JFERGO_SOUTHFRONTIER_058-424x500.jpg]
[wp-content/uploads/2017/07/JFERGO_SOUTHFRONTIER_059-424x500.jpg]
[gallery/south-frontier/index56be.html]
[wp-content/uploads/2017/07/JFERGO_SOUTHFRONTIER_060-424x500.jpg]
[gallery/south-frontier/index395c.html]
[wp-content/uploads/2017/07/JFERGO_SOUTHFRONTIER_061-424x500.jpg]
[gallery/south-frontier/index7d4c.html]
[wp-content/uploads/2017/07/JFERGO_SOUTHFRONTIER_062-424x500.jpg]
[gallery/south-frontier/indexe3cf.html]
[wp-content/uploads/2017/07/JFERGO_SOUTHFRONTIER_063-424x500.jpg]
[gallery/south-frontier/indexdf6e.html]
[wp-content/uploads/2017/07/JFERGO_SOUTHFRONTIER_066-424x500.jpg]
[gallery/south-frontier/index0b97.html]
[gallery/south-frontier/index00aa.html]
[wp-content/uploads/2017/07/JFERGO_SOUTHFRONTIER_064-424x500.jpg]
[wp-content/uploads/2017/07/JFERGO_SOUTHFRONTIER_065-424x500.jpg]
[gallery/south-frontier/index941b.html]
[wp-content/uploads/2017/07/JFERGO_SOUTHFRONTIER_067-424x500.jpg]
[gallery/south-frontier/indexf119.html]
[wp-content/uploads/2017/07/JFERGO_SOUTHFRONTIER_068-424x500.jpg]
[gallery/south-frontier/index2e50.html]
[wp-content/uploads/2017/07/JFERGO_SOUTHFRONTIER_069-424x500.jpg]
[gallery/south-frontier/index3fbe.html]
[wp-content/uploads/2017/07/JFERGO_SOUTHFRONTIER_070-424x500.jpg]
[gallery/south-frontier/indexc3d6.html]
[wp-content/uploads/2017/07/JFERGO_SOUTHFRONTIER_071-424x500.jpg]
[gallery/south-frontier/indexcb0e.html]
[wp-content/uploads/2017/07/JFERGO_SOUTHFRONTIER_072-424x500.jpg]
[gallery/south-frontier/index3819.html]
[gallery/south-frontier/indexa5bd.html]
[wp-content/uploads/2017/07/JFERGO_SOUTHFRONTIER_073-424x500.jpg]
[wp-content/uploads/2017/07/JFERGO_SOUTHFRONTIER_074-424x500.jpg]
[gallery/south-frontier/indexcc30.html]
[wp-content/uploads/2017/07/JFERGO_SOUTHFRONTIER_075-424x500.jpg]
[gallery/south-frontier/index254b.html]
[wp-content/uploads/2017/07/JFERGO_SOUTHFRONTIER_076-424x500.jpg]
[gallery/south-frontier/index724c.html]
[wp-content/uploads/2017/07/JFERGO_SOUTHFRONTIER_077-424x500.jpg]
[gallery/south-frontier/indexea68.html]
[wp-content/uploads/2017/07/JFERGO_SOUTHFRONTIER_078-424x500.jpg]
[gallery/south-frontier/indexa34b.html]
[wp-content/uploads/2017/07/JFERGO_SOUTHFRONTIER_079-424x500.jpg]
[gallery/south-frontier/index87e9.html]
[wp-content/uploads/2017/07/JFERGO_SOUTHFRONTIER_080-424x500.jpg]
[gallery/south-frontier/index.html]
[gallery/south-frontier/indexe9d8.html]
[gallery/south-frontier/index15dd.html]
[wp-content/uploads/2017/07/JFERGO_SOUTHFRONTIER_080-110x65.jpg]
[gallery/south-frontier/index2b65.html]
[wp-content/uploads/2017/07/JFERGO_SOUTHFRONTIER_002-1620x1080.jpg]
[gallery/south-frontier/indexbb85.html]
[wp-content/uploads/2017/07/JFERGO_SOUTHFRONTIER_003-1620x1080.jpg]
[gallery/south-frontier/index9e24.html]
[wp-content/uploads/2017/07/JFERGO_SOUTHFRONTIER_004-1620x1080.jpg]
[gallery/south-frontier/index6134.html]
[wp-content/uploads/2017/07/JFERGO_SOUTHFRONTIER_005-1620x1080.jpg]
[gallery/south-frontier/index2add.html]
[wp-content/uploads/2017/07/JFERGO_SOUTHFRONTIER_006-1620x1080.jpg]
[gallery/south-frontier/index129e.html]
[wp-content/uploads/2017/07/JFERGO_SOUTHFRONTIER_007-1620x1080.jpg]
[gallery/south-frontier/indexb2cd.html]
[wp-content/uploads/2017/07/JFERGO_SOUTHFRONTIER_008-1620x1080.jpg]
[gallery/south-frontier/indexefea.html]
[wp-content/uploads/2017/07/JFERGO_SOUTHFRONTIER_009-1620x1080.jpg]
[gallery/south-frontier/indexeaf6.html]
[wp-content/uploads/2017/07/JFERGO_SOUTHFRONTIER_010-1620x1080.jpg]
[gallery/south-frontier/indexcccf.html]
[wp-content/uploads/2017/07/JFERGO_SOUTHFRONTIER_011-1620x1080.jpg]
[gallery/south-frontier/index1ec4.html]
[wp-content/uploads/2017/07/JFERGO_SOUTHFRONTIER_012-1620x1080.jpg]
[gallery/south-frontier/index20b3.html]
[wp-content/uploads/2017/07/JFERGO_SOUTHFRONTIER_013-1620x1080.jpg]
[gallery/south-frontier/index0b24.html]
[wp-content/uploads/2017/07/JFERGO_SOUTHFRONTIER_014-1620x1080.jpg]
[gallery/south-frontier/indexb519.html]
[wp-content/uploads/2017/07/JFERGO_SOUTHFRONTIER_015-1620x1080.jpg]
[wp-content/uploads/2017/07/JFERGO_SOUTHFRONTIER_016-110x65.jpg]
[gallery/south-frontier/indexf593.html]
[wp-content/uploads/2018/10/Javier_Fergo_GER005-1024x683.jpg]
[wp-json/oembed/1.0/embed12ef.json]
[wp-json/oembed/1.0/embeda716]
[wp-content/uploads/2018/10/2muGERes-1-424x500.jpg]
[wp-content/uploads/2018/10/2muGERes-13-424x500.jpg]
[wp-content/uploads/2018/10/2muGERes-3-424x500.jpg]
[wp-content/uploads/2018/10/2muGERes-2-424x500.jpg]
[wp-content/uploads/2018/10/2muGERes-9-424x500.jpg]
[wp-content/uploads/2018/10/2muGERes-4-424x500.jpg]
[wp-content/uploads/2018/10/2muGERes-5-424x500.jpg]
[wp-content/uploads/2018/10/2muGERes-8-424x500.jpg]
[wp-content/uploads/2018/10/2muGERes-6-424x500.jpg]
[wp-content/uploads/2018/10/2muGERes-7-424x500.jpg]
[wp-content/uploads/2018/10/2muGERes-11-424x500.jpg]
[wp-content/uploads/2018/10/2muGERes-10-424x500.jpg]
[wp-content/uploads/2018/10/2muGERes-14-424x500.jpg]
[gallery/mugeres/index.html]
[gallery/mugeres/index3a31.html]
[wp-content/uploads/2018/10/2muGERes-13-1620x1080.jpg]
[gallery/mugeres/index6c06.html]
[wp-content/uploads/2018/10/2muGERes-3-1620x1080.jpg]
[gallery/mugeres/indexade6.html]
[wp-content/uploads/2018/10/2muGERes-2-1620x1080.jpg]
[gallery/mugeres/index21d2.html]
[wp-content/uploads/2018/10/2muGERes-9-1620x1080.jpg]
[gallery/mugeres/index06b1.html]
[wp-content/uploads/2018/10/2muGERes-4-1620x1080.jpg]
[gallery/mugeres/index6e2d.html]
[wp-content/uploads/2018/10/2muGERes-5-1620x1080.jpg]
[gallery/mugeres/indexbebb.html]
[wp-content/uploads/2018/10/2muGERes-8-1620x1080.jpg]
[gallery/mugeres/indexc779.html]
[wp-content/uploads/2018/10/2muGERes-6-1620x1080.jpg]
[gallery/mugeres/index8f36.html]
[wp-content/uploads/2018/10/2muGERes-7-1620x1080.jpg]
[gallery/mugeres/index9e9e.html]
[wp-content/uploads/2018/10/2muGERes-11-1620x1080.jpg]
[gallery/mugeres/indexf0a0.html]
[wp-content/uploads/2018/10/2muGERes-10-1620x1080.jpg]
[gallery/mugeres/index46d0.html]
[wp-content/uploads/2018/10/2muGERes-14-1620x1080.jpg]
[gallery/mugeres/index7ed1.html]
[wp-content/uploads/2020/05/JFergo_Covid_17-3-1024x682.jpg]
[wp-json/oembed/1.0/embeded23.json]
[wp-json/oembed/1.0/embed3300]
[wp-content/uploads/2020/05/JFergo_Covid_17-3-424x500.jpg]
[wp-content/uploads/2020/05/FERGO_25-3_H-424x500.jpg]
[wp-content/uploads/2020/05/6O7A3461-424x500.jpg]
[wp-content/uploads/2020/05/6O7A3427-424x500.jpg]
[wp-content/uploads/2020/05/FERGO_22-3_L-424x500.jpg]
[wp-content/uploads/2020/05/FERGO_25-3_L-424x500.jpg]
[wp-content/uploads/2020/05/FERGO_10-4_H-424x500.jpg]
[wp-content/uploads/2020/05/FERGO_7-4_H-424x500.jpg]
[wp-content/uploads/2020/05/FERGO_15-4_H-424x500.jpg]
[wp-content/uploads/2020/05/javier_fergo_covid_photo_diaries_16_5_20_H-424x500.jpg]
[wp-content/uploads/2020/05/FERGO_5-4_H-424x500.jpg]
[wp-content/uploads/2020/05/FERGO_27-3_L-424x500.jpg]
[wp-content/uploads/2020/05/FERGO_06-5_H-424x500.jpg]
[wp-content/uploads/2020/05/FERGO_30-3_H-424x500.jpg]
[wp-content/uploads/2020/05/FERGO_01-5_H-424x500.jpg]
[wp-content/uploads/2020/05/javier_fergo_covid_photo_diaries_19_5_20_H-424x500.jpg]
[gallery/covid-diary/index0152.html]
[wp-content/uploads/2020/05/FERGO_17-4_H-424x500.jpg]
[wp-content/uploads/2020/05/JFERGO_MIGRANTS-ANDALUCIA_001-424x500.jpg]
[gallery/covid-diary/index24f8.html]
[wp-content/uploads/2020/05/FERGO_04-5_H-424x500.jpg]
[gallery/covid-diary/index485f.html]
[wp-content/uploads/2020/05/FERGO_24-4_H-424x500.jpg]
[gallery/covid-diary/indexcbb4.html]
[wp-content/uploads/2020/05/FERGO_26-4_H-424x500.jpg]
[gallery/covid-diary/indexb68c.html]
[wp-content/uploads/2020/05/FERGO_8-4_H-424x500.jpg]
[gallery/covid-diary/index0d0b.html]
[wp-content/uploads/2020/05/FERGO_22-4_H-424x500.jpg]
[gallery/covid-diary/indexb51e.html]
[wp-content/uploads/2020/05/JFERGO_MIGRANTS-ANDALUCIA_019-424x500.jpg]
[gallery/covid-diary/index1d03.html]
[wp-content/uploads/2020/05/JFERGO_POVERTY_019-424x500.jpg]
[gallery/covid-diary/index5f58.html]
[gallery/covid-diary/indexce17.html]
[wp-content/uploads/2020/05/JFERGO_POVERTY_016-424x500.jpg]
[wp-content/uploads/2020/05/JFERGO_POVERTY_015-424x500.jpg]
[gallery/covid-diary/indexbb1e.html]
[wp-content/uploads/2020/05/FERGO_19-4_H-424x500.jpg]
[wp-content/uploads/2020/05/FERGO_23-4_H-424x500.jpg]
[gallery/covid-diary/indexac33.html]
[gallery/covid-diary/index825d.html]
[wp-content/uploads/2020/05/JFERGO_POVERTY_033-424x500.jpg]
[wp-content/uploads/2020/05/javier_fergo_covid_photo_diaries_2_6_20_H-424x500.jpg]
[gallery/covid-diary/index5331.html]
[gallery/covid-diary/index7b2f.html]
[wp-content/uploads/2020/05/javier_fergo_covid_photo_diaries_30_5_20_H-424x500.jpg]
[gallery/covid-diary/index897c.html]
[wp-content/uploads/2020/05/javier_fergo_covid_photo_diaries_29_5_20_H-424x500.jpg]
[wp-content/uploads/2020/05/javier_fergo_covid_photo_diaries_25_5_20_H-424x500.jpg]
[gallery/covid-diary/index697e.html]
[gallery/covid-diary/index8db6.html]
[wp-content/uploads/2020/05/javier_fergo_covid_photo_diaries_31_5_20_H-424x500.jpg]
[gallery/covid-diary/index4a72.html]
[wp-content/uploads/2020/05/javier_fergo_covid_photo_diaries_8_6_20_L-424x500.jpg]
[gallery/covid-diary/indexc76c.html]
[wp-content/uploads/2020/05/javier_fergo_covid_photo_diaries_9_6_20_L-424x500.jpg]
[gallery/covid-diary/index840e.html]
[gallery/covid-diary/index.html]
[wp-content/uploads/2020/05/javier_fergo_covid_photo_diaries_9_6_20_L-110x65.jpg]
[gallery/covid-diary/index6eea.html]
[gallery/covid-diary/index2dd5.html]
[wp-content/uploads/2020/05/FERGO_25-3_H-1620x1080.jpg]
[gallery/covid-diary/indexc148.html]
[wp-content/uploads/2020/05/6O7A3461-1620x1080.jpg]
[gallery/covid-diary/indexacf9.html]
[wp-content/uploads/2020/05/6O7A3427-1620x1080.jpg]
[gallery/covid-diary/index7403.html]
[wp-content/uploads/2020/05/FERGO_22-3_L.jpg]
[gallery/covid-diary/indexc766.html]
[wp-content/uploads/2020/05/FERGO_25-3_L.jpg]
[gallery/covid-diary/index1a61.html]
[wp-content/uploads/2020/05/FERGO_10-4_H-1620x1080.jpg]
[gallery/covid-diary/indexeb68.html]
[wp-content/uploads/2020/05/FERGO_7-4_H-1620x1080.jpg]
[gallery/covid-diary/index7ea7.html]
[wp-content/uploads/2020/05/FERGO_15-4_H-1620x1080.jpg]
[gallery/covid-diary/index3a62.html]
[wp-content/uploads/2020/05/javier_fergo_covid_photo_diaries_16_5_20_H-1620x1080.jpg]
[gallery/covid-diary/indexdbad.html]
[wp-content/uploads/2020/05/FERGO_5-4_H-1620x1080.jpg]
[gallery/covid-diary/indexc906.html]
[wp-content/uploads/2020/05/FERGO_27-3_L.jpg]
[gallery/covid-diary/indexe6a6.html]
[wp-content/uploads/2020/05/FERGO_06-5_H-1620x1080.jpg]
[gallery/covid-diary/indexd0c5.html]
[wp-content/uploads/2020/05/FERGO_30-3_H-1620x1080.jpg]
[gallery/covid-diary/indexb64c.html]
[wp-content/uploads/2020/05/FERGO_01-5_H-1620x1080.jpg]
[wp-content/uploads/2020/05/javier_fergo_covid_photo_diaries_19_5_20_H-110x65.jpg]
[gallery/covid-diary/index291e.html]
[wp-content/uploads/2014/07/GibBrexit_001-1024x683.jpg]
[wp-json/oembed/1.0/embed0e79.json]
[wp-json/oembed/1.0/embed46fc]
[wp-content/uploads/2014/07/GIB-Brexit_01-424x500.jpg]
[wp-content/uploads/2014/07/GIB-Brexit_02-424x500.jpg]
[wp-content/uploads/2014/07/GIB-Brexit_03-424x500.jpg]
[wp-content/uploads/2014/07/GIB-Brexit_04-424x500.jpg]
[wp-content/uploads/2014/07/GIB-Brexit_05-424x500.jpg]
[wp-content/uploads/2014/07/GIB-Brexit_06-424x500.jpg]
[wp-content/uploads/2014/07/GIB-Brexit_07-424x500.jpg]
[wp-content/uploads/2014/07/GIB-Brexit_08-424x500.jpg]
[wp-content/uploads/2014/07/GIB-Brexit_09-424x500.jpg]
[wp-content/uploads/2014/07/GIB-Brexit_10-424x500.jpg]
[wp-content/uploads/2014/07/GIB-Brexit_11-424x500.jpg]
[wp-content/uploads/2014/07/GIB-Brexit_12-424x500.jpg]
[wp-content/uploads/2014/07/GIB-Brexit_13-424x500.jpg]
[wp-content/uploads/2014/07/GIB-Brexit_14-424x500.jpg]
[wp-content/uploads/2014/07/GIB-Brexit_15-424x500.jpg]
[wp-content/uploads/2014/07/GIB-Brexit_16-424x500.jpg]
[gallery/gibraltar/index6f8b.html]
[wp-content/uploads/2014/07/GIB-Brexit_17-424x500.jpg]
[wp-content/uploads/2014/07/GIB-Brexit_18-424x500.jpg]
[gallery/gibraltar/indexbeb8.html]
[wp-content/uploads/2014/07/GIB-Brexit_19-424x500.jpg]
[gallery/gibraltar/indexa765.html]
[wp-content/uploads/2014/07/GIB-Brexit_20-424x500.jpg]
[gallery/gibraltar/index3734.html]
[wp-content/uploads/2014/07/GIB-Brexit_21-424x500.jpg]
[gallery/gibraltar/index4b4c.html]
[wp-content/uploads/2014/07/GIB-Brexit_22-424x500.jpg]
[gallery/gibraltar/indexca14.html]
[wp-content/uploads/2014/07/GIB-Brexit_23-424x500.jpg]
[gallery/gibraltar/index5566.html]
[wp-content/uploads/2014/07/GIB-Brexit_24-424x500.jpg]
[gallery/gibraltar/indexb032.html]
[wp-content/uploads/2014/07/GIB-Brexit_25-424x500.jpg]
[gallery/gibraltar/indexa37c.html]
[gallery/gibraltar/index.html]
[wp-content/uploads/2014/07/GIB-Brexit_25-110x65.jpg]
[gallery/gibraltar/indexf19e.html]
[gallery/gibraltar/indexfeb8.html]
[wp-content/uploads/2014/07/GIB-Brexit_02-1620x1080.jpg]
[gallery/gibraltar/indexa694.html]
[wp-content/uploads/2014/07/GIB-Brexit_03-1620x1080.jpg]
[gallery/gibraltar/index4052.html]
[wp-content/uploads/2014/07/GIB-Brexit_04-1620x1080.jpg]
[gallery/gibraltar/index3070.html]
[wp-content/uploads/2014/07/GIB-Brexit_05-1620x1080.jpg]
[gallery/gibraltar/index7685.html]
[wp-content/uploads/2014/07/GIB-Brexit_06-1620x1080.jpg]
[gallery/gibraltar/index88a5.html]
[wp-content/uploads/2014/07/GIB-Brexit_07-1620x1080.jpg]
[gallery/gibraltar/index33ba.html]
[wp-content/uploads/2014/07/GIB-Brexit_08-1620x1080.jpg]
[gallery/gibraltar/index6e27.html]
[wp-content/uploads/2014/07/GIB-Brexit_09-1620x1080.jpg]
[gallery/gibraltar/index337d.html]
[wp-content/uploads/2014/07/GIB-Brexit_10-1620x1080.jpg]
[gallery/gibraltar/index97ec.html]
[wp-content/uploads/2014/07/GIB-Brexit_11-1620x1080.jpg]
[gallery/gibraltar/indexda4c.html]
[wp-content/uploads/2014/07/GIB-Brexit_12-1620x1080.jpg]
[gallery/gibraltar/indexf83c.html]
[wp-content/uploads/2014/07/GIB-Brexit_13-1620x1080.jpg]
[gallery/gibraltar/index5df5.html]
[wp-content/uploads/2014/07/GIB-Brexit_14-1620x1080.jpg]
[gallery/gibraltar/index4c88.html]
[wp-content/uploads/2014/07/GIB-Brexit_15-1620x1080.jpg]
[wp-content/uploads/2014/07/GIB-Brexit_16-110x65.jpg]
[gallery/gibraltar/index52c4.html]
[wp-content/themes/trend/bw/assets/img/sprite.html]
[wp-content/themes/trend/assets/css/vendors/jquery.owl.carousel/grabbing.html]
[wp-content/themes/trend/assets/css/vendors/img/preloader.html]
[wp-content/themes/trend/assets/css/fonts/font-awesome/fontawesome-webfont862f.svg]
[wp-content/themes/trend/assets/css/fonts/mono-social-icons/MonoSocialIconsFont-1.10.svg]
[wp-content/themes/trend/assets/css/fonts/sabado/sabado_regular-webfont.svg]
[wp-content/themes/trend/assets/css/mCSB_buttons.html]
[wp-content/themes/trend/assets/css/fonts/dashicons-master/dashicons.svg]
[wp-content/plugins/master-slider/public/assets/css/skins/minimal.svg]
[indexb541.html]
[index5e74.html]
[index70ff.html]
[wp-content/uploads/2022/05/Ukranimals_13-1619x1080.jpg]
[wp-content/uploads/2022/05/Ukranimals_22-110x65.jpg]
[gallery/refugee-animals/index548b.html]
[wp-content/uploads/2022/05/Ukranimals_22-1619x1080.jpg]
[wp-content/uploads/2022/05/Ukranimals_21-110x65.jpg]
[gallery/refugee-animals/index71a3.html]
[wp-content/uploads/2022/05/Ukranimals_21-1619x1080.jpg]
[wp-content/uploads/2022/05/Ukranimals_19-110x65.jpg]
[gallery/refugee-animals/indexc868.html]
[wp-content/uploads/2022/05/Ukranimals_19-1619x1080.jpg]
[wp-content/uploads/2022/05/Ukranimals_18-110x65.jpg]
[gallery/refugee-animals/index5b5c.html]
[wp-content/uploads/2022/05/Ukranimals_18-1619x1080.jpg]
[wp-content/uploads/2022/05/Ukranimals_17-110x65.jpg]
[gallery/refugee-animals/indexd530.html]
[wp-content/uploads/2022/05/Ukranimals_17-1619x1080.jpg]
[wp-content/uploads/2022/05/Ukranimals_25-110x65.jpg]
[gallery/refugee-animals/indexf1f3.html]
[wp-content/uploads/2022/05/Ukranimals_25-1619x1080.jpg]
[wp-content/uploads/2022/05/Ukranimals_24-110x65.jpg]
[gallery/refugee-animals/index2ec6.html]
[wp-content/uploads/2022/05/Ukranimals_24-1619x1080.jpg]
[gallery/refugee-animals/index5469.html]
[wp-content/uploads/2022/05/Ukranimals_23-1619x1080.jpg]
[gallery/refugee-animals/indexa4de.html]
[wp-content/uploads/2022/05/Ukranimals_23-110x65.jpg]
[wp-json/oembed/1.0/embed13da]
[wp-content/uploads/2022/05/Ukranimals_02-1619x1080.jpg]
[wp-content/uploads/2022/05/Ukranimals_01-1619x1080.jpg]
[wp-content/uploads/2022/05/Ukranimals_03-1619x1080.jpg]
[wp-content/uploads/2022/05/Ukranimals_05-1619x1080.jpg]
[wp-content/uploads/2022/05/Ukranimals_06-1619x1080.jpg]
[wp-content/uploads/2022/05/Ukranimals_07-1619x1080.jpg]
[wp-content/uploads/2022/05/Ukranimals_12-1619x1080.jpg]
[wp-content/uploads/2022/05/Ukranimals_04-1619x1080.jpg]
[wp-content/uploads/2022/05/Ukranimals_08-1619x1080.jpg]
[wp-content/uploads/2022/05/Ukranimals_09-1619x1080.jpg]
[wp-content/uploads/2022/05/Ukranimals_10-1619x1080.jpg]
[wp-content/uploads/2022/05/Ukranimals_11-1619x1080.jpg]
[wp-content/uploads/2022/05/Ukranimals_14-1619x1080.jpg]
[wp-content/uploads/2022/05/Ukranimals_15-1619x1080.jpg]
[wp-content/uploads/2017/07/JFergo_SF_002.jpg]
[wp-content/uploads/2022/05/Ukranimals_13-110x65.jpg]
[wp-json/oembed/1.0/embedaff8]
[wp-content/uploads/2017/07/JFERGO_SOUTHFRONTIER_001-424x500.jpg]
[wp-json/oembed/1.0/embed3982]
[wp-content/uploads/2017/07/JFERGO_SOUTHFRONTIER_003-424x500.jpg]
[wp-content/uploads/2017/07/JFERGO_SOUTHFRONTIER_002-424x500.jpg]
[wp-content/uploads/2017/07/JFERGO_SOUTHFRONTIER_016-1620x1080.jpg]
[wp-content/uploads/2017/07/JFERGO_SOUTHFRONTIER_017-110x65.jpg]
[gallery/south-frontier/index41d2.html]
[wp-content/uploads/2017/07/JFERGO_SOUTHFRONTIER_017-1620x1080.jpg]
[wp-content/uploads/2017/07/JFERGO_SOUTHFRONTIER_018-110x65.jpg]
[gallery/south-frontier/index17c1.html]
[wp-content/uploads/2017/07/JFERGO_SOUTHFRONTIER_018-1620x1080.jpg]
[wp-content/uploads/2017/07/JFERGO_SOUTHFRONTIER_019-110x65.jpg]
[gallery/south-frontier/index2fc7.html]
[wp-content/uploads/2017/07/JFERGO_SOUTHFRONTIER_019-1620x1080.jpg]
[wp-content/uploads/2017/07/JFERGO_SOUTHFRONTIER_020-110x65.jpg]
[gallery/south-frontier/index16f1.html]
[wp-content/uploads/2017/07/JFERGO_SOUTHFRONTIER_020-1620x1080.jpg]
[wp-content/uploads/2017/07/JFERGO_SOUTHFRONTIER_021-110x65.jpg]
[gallery/south-frontier/index34b9.html]
[wp-content/uploads/2017/07/JFERGO_SOUTHFRONTIER_021-1620x1080.jpg]
[wp-content/uploads/2017/07/JFERGO_SOUTHFRONTIER_022-110x65.jpg]
[gallery/south-frontier/index1163.html]
[wp-content/uploads/2017/07/JFERGO_SOUTHFRONTIER_022-1620x1080.jpg]
[wp-content/uploads/2017/07/JFERGO_SOUTHFRONTIER_023-110x65.jpg]
[gallery/south-frontier/index1d2c.html]
[wp-content/uploads/2017/07/JFERGO_SOUTHFRONTIER_023-1620x1080.jpg]
[wp-content/uploads/2017/07/JFERGO_SOUTHFRONTIER_024-110x65.jpg]
[gallery/south-frontier/index1de5.html]
[wp-content/uploads/2017/07/JFERGO_SOUTHFRONTIER_024-1620x1080.jpg]
[wp-content/uploads/2017/07/JFERGO_SOUTHFRONTIER_025-110x65.jpg]
[gallery/south-frontier/indexf38f.html]
[wp-content/uploads/2017/07/JFERGO_SOUTHFRONTIER_025-1620x1080.jpg]
[wp-content/uploads/2017/07/JFERGO_SOUTHFRONTIER_026-110x65.jpg]
[gallery/south-frontier/indexb7ad.html]
[wp-content/uploads/2017/07/JFERGO_SOUTHFRONTIER_026-1620x1080.jpg]
[wp-content/uploads/2017/07/JFERGO_SOUTHFRONTIER_027-110x65.jpg]
[gallery/south-frontier/index654b.html]
[wp-content/uploads/2017/07/JFERGO_SOUTHFRONTIER_027-1620x1080.jpg]
[wp-content/uploads/2017/07/JFERGO_SOUTHFRONTIER_028-110x65.jpg]
[gallery/south-frontier/index77d4.html]
[wp-content/uploads/2017/07/JFERGO_SOUTHFRONTIER_028-1620x1080.jpg]
[wp-content/uploads/2017/07/JFERGO_SOUTHFRONTIER_029-110x65.jpg]
[gallery/south-frontier/index6d4f.html]
[wp-content/uploads/2017/07/JFERGO_SOUTHFRONTIER_029-1620x1080.jpg]
[wp-content/uploads/2017/07/JFERGO_SOUTHFRONTIER_030-110x65.jpg]
[gallery/south-frontier/index3a07.html]
[wp-content/uploads/2017/07/JFERGO_SOUTHFRONTIER_030-1620x1080.jpg]
[wp-content/uploads/2017/07/JFERGO_SOUTHFRONTIER_031-110x65.jpg]
[gallery/south-frontier/indexce59.html]
[wp-content/uploads/2017/07/JFERGO_SOUTHFRONTIER_031-1620x1080.jpg]
[wp-content/uploads/2017/07/JFERGO_SOUTHFRONTIER_032-110x65.jpg]
[gallery/south-frontier/index4b43.html]
[gallery/south-frontier/indexb045.html]
[gallery/south-frontier/index8eb7.html]
[gallery/south-frontier/indexea18.html]
[gallery/south-frontier/indexfa22.html]
[wp-content/uploads/2017/07/JFERGO_SOUTHFRONTIER_036-1620x1080.jpg]
[wp-content/uploads/2017/07/JFERGO_SOUTHFRONTIER_037-110x65.jpg]
[gallery/south-frontier/indexb8f3.html]
[wp-content/uploads/2017/07/JFERGO_SOUTHFRONTIER_037-1620x1080.jpg]
[wp-content/uploads/2017/07/JFERGO_SOUTHFRONTIER_038-110x65.jpg]
[gallery/south-frontier/indexfc84.html]
[wp-content/uploads/2017/07/JFERGO_SOUTHFRONTIER_038-1620x1080.jpg]
[wp-content/uploads/2017/07/JFERGO_SOUTHFRONTIER_039-110x65.jpg]
[gallery/south-frontier/index35b4.html]
[wp-content/uploads/2017/07/JFERGO_SOUTHFRONTIER_039-1620x1080.jpg]
[wp-content/uploads/2017/07/JFERGO_SOUTHFRONTIER_040-110x65.jpg]
[gallery/south-frontier/index57b4.html]
[wp-content/uploads/2017/07/JFERGO_SOUTHFRONTIER_040-1620x1080.jpg]
[wp-content/uploads/2017/07/JFERGO_SOUTHFRONTIER_041-110x65.jpg]
[gallery/south-frontier/index04c4.html]
[wp-content/uploads/2017/07/JFERGO_SOUTHFRONTIER_041-1620x1080.jpg]
[wp-content/uploads/2017/07/JFERGO_SOUTHFRONTIER_042-110x65.jpg]
[gallery/south-frontier/index0236.html]
[wp-content/uploads/2017/07/JFERGO_SOUTHFRONTIER_042-1620x1080.jpg]
[wp-content/uploads/2017/07/JFERGO_SOUTHFRONTIER_043-110x65.jpg]
[gallery/south-frontier/index8574.html]
[wp-content/uploads/2017/07/JFERGO_SOUTHFRONTIER_043-1620x1080.jpg]
[wp-content/uploads/2017/07/JFERGO_SOUTHFRONTIER_044-110x65.jpg]
[gallery/south-frontier/indexdbe0.html]
[wp-content/uploads/2017/07/JFERGO_SOUTHFRONTIER_044-1620x1080.jpg]
[wp-content/uploads/2017/07/JFERGO_SOUTHFRONTIER_045-110x65.jpg]
[gallery/south-frontier/index0d73.html]
[wp-content/uploads/2017/07/JFERGO_SOUTHFRONTIER_045-1620x1080.jpg]
[wp-content/uploads/2017/07/JFERGO_SOUTHFRONTIER_046-110x65.jpg]
[gallery/south-frontier/index1bee.html]
[wp-content/uploads/2017/07/JFERGO_SOUTHFRONTIER_046-1620x1080.jpg]
[wp-content/uploads/2017/07/JFERGO_SOUTHFRONTIER_047-110x65.jpg]
[gallery/south-frontier/index0177.html]
[wp-content/uploads/2017/07/JFERGO_SOUTHFRONTIER_047-1620x1080.jpg]
[wp-content/uploads/2017/07/JFERGO_SOUTHFRONTIER_048-110x65.jpg]
[gallery/south-frontier/index628b.html]
[wp-content/uploads/2017/07/JFERGO_SOUTHFRONTIER_048-1620x1080.jpg]
[wp-content/uploads/2017/07/JFERGO_SOUTHFRONTIER_049-110x65.jpg]
[gallery/south-frontier/indexde70.html]
[wp-content/uploads/2017/07/JFERGO_SOUTHFRONTIER_049-1620x1080.jpg]
[wp-content/uploads/2017/07/JFERGO_SOUTHFRONTIER_050-110x65.jpg]
[gallery/south-frontier/index8a1c.html]
[wp-content/uploads/2017/07/JFERGO_SOUTHFRONTIER_050-1620x1080.jpg]
[wp-content/uploads/2017/07/JFERGO_SOUTHFRONTIER_051-110x65.jpg]
[gallery/south-frontier/index9287.html]
[wp-content/uploads/2017/07/JFERGO_SOUTHFRONTIER_051-1620x1080.jpg]
[wp-content/uploads/2017/07/JFERGO_SOUTHFRONTIER_052-110x65.jpg]
[gallery/south-frontier/index2e73.html]
[wp-content/uploads/2017/07/JFERGO_SOUTHFRONTIER_052-1620x1080.jpg]
[wp-content/uploads/2017/07/JFERGO_SOUTHFRONTIER_053-110x65.jpg]
[gallery/south-frontier/index7563.html]
[wp-content/uploads/2017/07/JFERGO_SOUTHFRONTIER_053-1620x1080.jpg]
[wp-content/uploads/2017/07/JFERGO_SOUTHFRONTIER_054-110x65.jpg]
[gallery/south-frontier/index55e3.html]
[wp-content/uploads/2017/07/JFERGO_SOUTHFRONTIER_054-1620x1080.jpg]
[wp-content/uploads/2017/07/JFERGO_SOUTHFRONTIER_055-110x65.jpg]
[gallery/south-frontier/indexee25.html]
[wp-content/uploads/2017/07/JFERGO_SOUTHFRONTIER_055-1920x1078.jpg]
[wp-content/uploads/2017/07/JFERGO_SOUTHFRONTIER_056-110x65.jpg]
[gallery/south-frontier/index9e76.html]
[wp-content/uploads/2017/07/JFERGO_SOUTHFRONTIER_056-1620x1080.jpg]
[wp-content/uploads/2017/07/JFERGO_SOUTHFRONTIER_057-110x65.jpg]
[gallery/south-frontier/indexaf15.html]
[wp-content/uploads/2017/07/JFERGO_SOUTHFRONTIER_057-1620x1080.jpg]
[wp-content/uploads/2017/07/JFERGO_SOUTHFRONTIER_058-110x65.jpg]
[gallery/south-frontier/index8ce2.html]
[wp-content/uploads/2017/07/JFERGO_SOUTHFRONTIER_058-1620x1080.jpg]
[wp-content/uploads/2017/07/JFERGO_SOUTHFRONTIER_059-110x65.jpg]
[gallery/south-frontier/index56be.html]
[wp-content/uploads/2017/07/JFERGO_SOUTHFRONTIER_059-1620x1080.jpg]
[wp-content/uploads/2017/07/JFERGO_SOUTHFRONTIER_060-110x65.jpg]
[gallery/south-frontier/index395c.html]
[wp-content/uploads/2017/07/JFERGO_SOUTHFRONTIER_060-1620x1080.jpg]
[wp-content/uploads/2017/07/JFERGO_SOUTHFRONTIER_061-110x65.jpg]
[gallery/south-frontier/index7d4c.html]
[gallery/south-frontier/indexe3cf.html]
[wp-content/uploads/2017/07/JFERGO_SOUTHFRONTIER_062-110x65.jpg]
[wp-content/uploads/2017/07/JFERGO_SOUTHFRONTIER_062-1620x1080.jpg]
[wp-content/uploads/2017/07/JFERGO_SOUTHFRONTIER_063-110x65.jpg]
[gallery/south-frontier/indexdf6e.html]
[wp-content/uploads/2017/07/JFERGO_SOUTHFRONTIER_063-1920x1078.jpg]
[wp-content/uploads/2017/07/JFERGO_SOUTHFRONTIER_066-110x65.jpg]
[gallery/south-frontier/index0b97.html]
[wp-content/uploads/2017/07/JFERGO_SOUTHFRONTIER_066-1620x1080.jpg]
[wp-content/uploads/2017/07/JFERGO_SOUTHFRONTIER_064-110x65.jpg]
[gallery/south-frontier/index00aa.html]
[wp-content/uploads/2017/07/JFERGO_SOUTHFRONTIER_064-1620x1080.jpg]
[wp-content/uploads/2017/07/JFERGO_SOUTHFRONTIER_065-110x65.jpg]
[gallery/south-frontier/index941b.html]
[wp-content/uploads/2017/07/JFERGO_SOUTHFRONTIER_065-1620x1080.jpg]
[wp-content/uploads/2017/07/JFERGO_SOUTHFRONTIER_067-110x65.jpg]
[gallery/south-frontier/indexf119.html]
[wp-content/uploads/2017/07/JFERGO_SOUTHFRONTIER_067-1620x1080.jpg]
[gallery/south-frontier/index2e50.html]
[wp-content/uploads/2017/07/JFERGO_SOUTHFRONTIER_068-1620x1080.jpg]
[wp-content/uploads/2017/07/JFERGO_SOUTHFRONTIER_069-110x65.jpg]
[gallery/south-frontier/index3fbe.html]
[wp-content/uploads/2017/07/JFERGO_SOUTHFRONTIER_069-1620x1080.jpg]
[wp-content/uploads/2017/07/JFERGO_SOUTHFRONTIER_070-110x65.jpg]
[gallery/south-frontier/indexc3d6.html]
[wp-content/uploads/2017/07/JFERGO_SOUTHFRONTIER_070-1620x1080.jpg]
[wp-content/uploads/2017/07/JFERGO_SOUTHFRONTIER_071-110x65.jpg]
[gallery/south-frontier/indexcb0e.html]
[wp-content/uploads/2017/07/JFERGO_SOUTHFRONTIER_071-1620x1080.jpg]
[wp-content/uploads/2017/07/JFERGO_SOUTHFRONTIER_072-110x65.jpg]
[gallery/south-frontier/index3819.html]
[wp-content/uploads/2017/07/JFERGO_SOUTHFRONTIER_073-110x65.jpg]
[gallery/south-frontier/indexa5bd.html]
[wp-content/uploads/2017/07/JFERGO_SOUTHFRONTIER_073-1620x1080.jpg]
[wp-content/uploads/2017/07/JFERGO_SOUTHFRONTIER_074-110x65.jpg]
[gallery/south-frontier/indexcc30.html]
[wp-content/uploads/2017/07/JFERGO_SOUTHFRONTIER_074-1620x1080.jpg]
[wp-content/uploads/2017/07/JFERGO_SOUTHFRONTIER_075-110x65.jpg]
[gallery/south-frontier/index254b.html]
[wp-content/uploads/2017/07/JFERGO_SOUTHFRONTIER_075-1620x1080.jpg]
[wp-content/uploads/2017/07/JFERGO_SOUTHFRONTIER_076-110x65.jpg]
[gallery/south-frontier/index724c.html]
[wp-content/uploads/2017/07/JFERGO_SOUTHFRONTIER_076-1620x1080.jpg]
[wp-content/uploads/2017/07/JFERGO_SOUTHFRONTIER_077-110x65.jpg]
[gallery/south-frontier/indexea68.html]
[wp-content/uploads/2017/07/JFERGO_SOUTHFRONTIER_077-1620x1080.jpg]
[wp-content/uploads/2017/07/JFERGO_SOUTHFRONTIER_078-110x65.jpg]
[gallery/south-frontier/indexa34b.html]
[wp-content/uploads/2017/07/JFERGO_SOUTHFRONTIER_078-1620x1080.jpg]
[wp-content/uploads/2017/07/JFERGO_SOUTHFRONTIER_079-110x65.jpg]
[gallery/south-frontier/index87e9.html]
[gallery/south-frontier/indexe9d8.html]
[gallery/south-frontier/index15dd.html]
[index043e.html]
[indexdabb.html]
[gallery/covid-diary/index0152.html]
[gallery/covid-diary/index24f8.html]
[wp-content/uploads/2020/05/FERGO_04-5_H-110x65.jpg]
[gallery/covid-diary/index485f.html]
[wp-content/uploads/2020/05/FERGO_04-5_H-1620x1080.jpg]
[wp-content/uploads/2020/05/FERGO_24-4_H-110x65.jpg]
[gallery/covid-diary/indexcbb4.html]
[wp-content/uploads/2020/05/FERGO_24-4_H-1620x1080.jpg]
[wp-content/uploads/2020/05/FERGO_26-4_H-110x65.jpg]
[gallery/covid-diary/indexb68c.html]
[wp-content/uploads/2020/05/FERGO_26-4_H-1620x1080.jpg]
[wp-content/uploads/2020/05/FERGO_8-4_H-110x65.jpg]
[gallery/covid-diary/index0d0b.html]
[wp-content/uploads/2020/05/FERGO_8-4_H-1620x1080.jpg]
[wp-content/uploads/2020/05/FERGO_22-4_H-110x65.jpg]
[gallery/covid-diary/indexb51e.html]
[wp-content/uploads/2020/05/FERGO_22-4_H-1620x1080.jpg]
[wp-content/uploads/2020/05/JFERGO_MIGRANTS-ANDALUCIA_019-110x65.jpg]
[gallery/covid-diary/index1d03.html]
[wp-content/uploads/2020/05/JFERGO_MIGRANTS-ANDALUCIA_019-1620x1080.jpg]
[wp-content/uploads/2020/05/JFERGO_POVERTY_019-110x65.jpg]
[gallery/covid-diary/index5f58.html]
[wp-content/uploads/2020/05/JFERGO_POVERTY_019.jpg]
[wp-content/uploads/2020/05/JFERGO_POVERTY_016-110x65.jpg]
[gallery/covid-diary/indexce17.html]
[wp-content/uploads/2020/05/JFERGO_POVERTY_016.jpg]
[wp-content/uploads/2020/05/JFERGO_POVERTY_015-110x65.jpg]
[gallery/covid-diary/indexbb1e.html]
[wp-content/uploads/2020/05/JFERGO_POVERTY_015.jpg]
[wp-content/uploads/2020/05/FERGO_19-4_H-110x65.jpg]
[gallery/covid-diary/indexac33.html]
[wp-content/uploads/2020/05/FERGO_19-4_H-1620x1080.jpg]
[wp-content/uploads/2020/05/FERGO_23-4_H-110x65.jpg]
[gallery/covid-diary/index825d.html]
[wp-content/uploads/2020/05/FERGO_23-4_H-1620x1080.jpg]
[wp-content/uploads/2020/05/JFERGO_POVERTY_033-110x65.jpg]
[gallery/covid-diary/index5331.html]
[wp-content/uploads/2020/05/JFERGO_POVERTY_033.jpg]
[wp-content/uploads/2020/05/javier_fergo_covid_photo_diaries_2_6_20_H-110x65.jpg]
[gallery/covid-diary/index7b2f.html]
[wp-content/uploads/2020/05/javier_fergo_covid_photo_diaries_2_6_20_H-1620x1080.jpg]
[wp-content/uploads/2020/05/javier_fergo_covid_photo_diaries_30_5_20_H-110x65.jpg]
[gallery/covid-diary/index897c.html]
[wp-content/uploads/2020/05/javier_fergo_covid_photo_diaries_30_5_20_H-1620x1080.jpg]
[wp-content/uploads/2020/05/javier_fergo_covid_photo_diaries_29_5_20_H-110x65.jpg]
[gallery/covid-diary/index8db6.html]
[wp-content/uploads/2020/05/javier_fergo_covid_photo_diaries_29_5_20_H-1620x1080.jpg]
[wp-content/uploads/2020/05/javier_fergo_covid_photo_diaries_25_5_20_H-110x65.jpg]
[gallery/covid-diary/index697e.html]
[wp-content/uploads/2020/05/javier_fergo_covid_photo_diaries_25_5_20_H-1620x1080.jpg]
[wp-content/uploads/2020/05/javier_fergo_covid_photo_diaries_31_5_20_H-110x65.jpg]
[gallery/covid-diary/index4a72.html]
[gallery/covid-diary/indexc76c.html]
[wp-content/uploads/2020/05/javier_fergo_covid_photo_diaries_8_6_20_L-110x65.jpg]
[wp-content/uploads/2020/05/javier_fergo_covid_photo_diaries_8_6_20_L-1620x1080.jpg]
[gallery/covid-diary/index840e.html]
[wp-content/uploads/2020/05/javier_fergo_covid_photo_diaries_9_6_20_L-1620x1080.jpg]
[gallery/covid-diary/index6eea.html]
[index46de.html]
[wp-content/uploads/2014/07/GIB-Brexit_16-1620x1080.jpg]
[wp-content/uploads/2014/07/GIB-Brexit_17-110x65.jpg]
[gallery/gibraltar/index6f8b.html]
[wp-content/uploads/2014/07/GIB-Brexit_17-1620x1080.jpg]
[wp-content/uploads/2014/07/GIB-Brexit_18-110x65.jpg]
[gallery/gibraltar/indexbeb8.html]
[wp-content/uploads/2014/07/GIB-Brexit_18-1620x1080.jpg]
[wp-content/uploads/2014/07/GIB-Brexit_19-110x65.jpg]
[gallery/gibraltar/indexa765.html]
[wp-content/uploads/2014/07/GIB-Brexit_19-1620x1080.jpg]
[wp-content/uploads/2014/07/GIB-Brexit_20-110x65.jpg]
[gallery/gibraltar/index3734.html]
[wp-content/uploads/2014/07/GIB-Brexit_20-1620x1080.jpg]
[wp-content/uploads/2014/07/GIB-Brexit_21-110x65.jpg]
[gallery/gibraltar/index4b4c.html]
[wp-content/uploads/2014/07/GIB-Brexit_21-1620x1080.jpg]
[wp-content/uploads/2014/07/GIB-Brexit_22-110x65.jpg]
[gallery/gibraltar/indexca14.html]
[wp-content/uploads/2014/07/GIB-Brexit_22-1620x1080.jpg]
[wp-content/uploads/2014/07/GIB-Brexit_23-110x65.jpg]
[gallery/gibraltar/index5566.html]
[wp-content/uploads/2014/07/GIB-Brexit_23-1620x1080.jpg]
[wp-content/uploads/2014/07/GIB-Brexit_24-110x65.jpg]
[gallery/gibraltar/indexb032.html]
[wp-content/uploads/2014/07/GIB-Brexit_24-1620x1080.jpg]
[gallery/gibraltar/indexa37c.html]
[wp-content/uploads/2014/07/GIB-Brexit_25-1620x1080.jpg]
[gallery/gibraltar/indexf19e.html]
[index6f0d.html]
[index2e8b.html]
[wp-content/uploads/2017/07/JFERGO_SOUTHFRONTIER_032-1620x1080.jpg]
[wp-content/uploads/2017/07/JFERGO_SOUTHFRONTIER_033-110x65.jpg]
[wp-content/uploads/2017/07/JFERGO_SOUTHFRONTIER_033-1620x1080.jpg]
[wp-content/uploads/2017/07/JFERGO_SOUTHFRONTIER_034-110x65.jpg]
[wp-content/uploads/2017/07/JFERGO_SOUTHFRONTIER_034-1620x1080.jpg]
[wp-content/uploads/2017/07/JFERGO_SOUTHFRONTIER_035-1620x1080.jpg]
[wp-content/uploads/2017/07/JFERGO_SOUTHFRONTIER_035-110x65.jpg]
[wp-content/uploads/2017/07/JFERGO_SOUTHFRONTIER_079-1620x1080.jpg]
[wp-content/uploads/2017/07/JFERGO_SOUTHFRONTIER_072-1620x1080.jpg]
[wp-content/uploads/2017/07/JFERGO_SOUTHFRONTIER_080-1620x1080.jpg]
[wp-content/uploads/2020/05/javier_fergo_covid_photo_diaries_19_5_20_H-1620x1080.jpg]
[wp-content/uploads/2020/05/FERGO_17-4_H-110x65.jpg]
[wp-content/uploads/2020/05/FERGO_17-4_H-1620x1080.jpg]
[wp-content/uploads/2020/05/JFERGO_MIGRANTS-ANDALUCIA_001-110x65.jpg]
[wp-content/uploads/2017/07/JFERGO_SOUTHFRONTIER_035-1620x1080.jpg]
[wp-content/uploads/2020/05/javier_fergo_covid_photo_diaries_31_5_20_H-1620x1080.jpg]
[wp-content/uploads/2020/05/JFERGO_MIGRANTS-ANDALUCIA_001-1620x1080.jpg]
[wp-content/uploads/2017/07/JFERGO_SOUTHFRONTIER_036-110x65.jpg]
[wp-content/uploads/2017/07/JFERGO_SOUTHFRONTIER_061-1620x1080.jpg]
[wp-content/uploads/2017/07/JFERGO_SOUTHFRONTIER_068-110x65.jpg]
